// Jest Snapshot v1, https://goo.gl/fbAQLP

exports[`Header should take a snapshot 1`] = `ShallowWrapper {}`;
